// Vitest Snapshot v1, https://vitest.dev/guide/snapshot.html

exports[`printBoxTable > should render a basic table 1`] = `
"┌───────┬───────┐
│ Name  │ Count │
├───────┼───────┤
│ Alice │   100 │
├───────┼───────┤
│ Bob   │ 2,345 │
└───────┴───────┘"
`;

exports[`printBoxTable > should render a table with title and multi-line cells 1`] = `
"
 ╭─────────────────────────────────────────────────╮
 │                   Test Report                   │
 ╰─────────────────────────────────────────────────╯

┌────────────┬───────────────────┬────────┬───────┐
│ Date       │ Models            │ Total  │ Cost  │
│            │                   │ Tokens │ (USD) │
├────────────┼───────────────────┼────────┼───────┤
│ 2026-03-01 │ - claude-opus-4-6 │ 19,134 │ $1.23 │
│            │ - gpt-4o          │        │       │
├────────────┼───────────────────┼────────┼───────┤
│ 2026-03-02 │ - claude-opus-4-6 │  5,678 │ $0.45 │
└────────────┴───────────────────┴────────┴───────┘"
`;

exports[`printBoxTable > should render the usage table format 1`] = `
"
 ╭──────────────────────────────────────────────────────────────────────────────────────────╮
 │                      LobeHub Token Usage Report - Monthly (2026-03)                      │
 ╰──────────────────────────────────────────────────────────────────────────────────────────╯

┌────────────┬────────────────────────┬───────────┬─────────┬───────────┬──────────┬───────┐
│ Date       │ Models                 │ Input     │ Output  │ Total     │ Requests │ Cost  │
│            │                        │           │         │ Tokens    │          │ (USD) │
├────────────┼────────────────────────┼───────────┼─────────┼───────────┼──────────┼───────┤
│ 2026-03-01 │ - claude-opus-4-6      │ 4,190,339 │ 121,035 │ 4,311,374 │       69 │ $3.56 │
│            │ - gemini-3-pro-preview │           │         │           │          │       │
├────────────┼────────────────────────┼───────────┼─────────┼───────────┼──────────┼───────┤
│ 2026-03-02 │ - claude-opus-4-6      │ 4,575,189 │  34,885 │ 4,610,074 │       62 │ $4.75 │
├────────────┼────────────────────────┼───────────┼─────────┼───────────┼──────────┼───────┤
│ Total      │                        │ 8,765,528 │ 155,920 │ 8,921,448 │      131 │ $8.31 │
└────────────┴────────────────────────┴───────────┴─────────┴───────────┴──────────┴───────┘"
`;
